// Jest Snapshot v1, https://goo.gl/fbAQLP

exports[`SearchBar Component should render SearchBar Component 1`] = `ShallowWrapper {}`;
