// Jest Snapshot v1, https://goo.gl/fbAQLP

exports[`Home Components should render Home component 1`] = `ReactWrapper {}`;
