// Jest Snapshot v1, https://goo.gl/fbAQLP

exports[`Item Component should render Item component 1`] = `ShallowWrapper {}`;
