// Jest Snapshot v1, https://goo.gl/fbAQLP

exports[`Items Component should render Items Component 1`] = `ShallowWrapper {}`;
