// Jest Snapshot v1, https://goo.gl/fbAQLP

exports[`should render Item component 1`] = `ShallowWrapper {}`;
