// Jest Snapshot v1, https://goo.gl/fbAQLP

exports[`Spinner Component should render BreadCrumb component 1`] = `ReactWrapper {}`;
