// Jest Snapshot v1, https://goo.gl/fbAQLP

exports[`Detail Component should render Detail Component 1`] = `ReactWrapper {}`;
